ARM Linker, 5.03 [Build 76] [MDK-ARM Lite]

==============================================================================

Section Cross References

    main.o(.text) refers to rt_semaphore.o(i.os_sem_send) for os_sem_send
    main.o(.text) refers to rt_task.o(i.os_tsk_prio) for os_tsk_prio
    main.o(.text) refers to rt_task.o(i.os_tsk_create0) for os_tsk_create0
    main.o(.text) refers to rt_semaphore.o(i.os_sem_wait) for os_sem_wait
    main.o(.text) refers to rt_semaphore.o(i.os_sem_init) for os_sem_init
    main.o(.text) refers to hal_arm.o(.emb_text) for os_sys_init0
    main.o(.text) refers to main.o(.data) for m
    rtx_config.o(.text) refers to rtx_config.o(.text) for os_def_interrupt
    rtx_config.o(.text) refers to hal_arm.o(.emb_text) for os_clock_interrupt
    startup.o(RESET) refers to hal_arm.o(.emb_text) for SWI_Handler
    startup.o(RESET) refers to startup.o(STACK) for Stack_Top
    startup.o(RESET) refers to entry.o(.ARM.Collect$$$$00000000) for __main
    rt_task.o(i.os_block) refers to rt_list.o(i.os_put_dly) for os_put_dly
    rt_task.o(i.os_block) refers to rt_list.o(i.os_get_first) for os_get_first
    rt_task.o(i.os_block) refers to rt_task.o(.data) for .data
    rt_task.o(i.os_block) refers to rt_list.o(.bss) for os_rdy
    rt_task.o(i.os_dispatch) refers to rt_list.o(i.os_put_rdy_first) for os_put_rdy_first
    rt_task.o(i.os_dispatch) refers to rt_list.o(i.os_get_first) for os_get_first
    rt_task.o(i.os_dispatch) refers to rt_list.o(i.os_put_prio) for os_put_prio
    rt_task.o(i.os_dispatch) refers to rt_task.o(.data) for .data
    rt_task.o(i.os_dispatch) refers to rt_list.o(.bss) for os_rdy
    rt_task.o(i.os_init_context) refers to hal_arm.o(i.os_init_stack) for os_init_stack
    rt_task.o(i.os_init_context) refers to rtx_config.o(.bss) for mp_stk
    rt_task.o(i.os_sys_init1) refers to rt_membox.o(i._init_box) for _init_box
    rt_task.o(i.os_sys_init1) refers to rt_task.o(i.os_init_context) for os_init_context
    rt_task.o(i.os_sys_init1) refers to hal_arm.o(.emb_text) for os_set_env
    rt_task.o(i.os_sys_init1) refers to rtx_config.o(.text) for os_tmr_init
    rt_task.o(i.os_sys_init1) refers to rt_robin.o(i.os_init_robin) for os_init_robin
    rt_task.o(i.os_sys_init1) refers to rtx_config.o(.text) for os_idle_demon
    rt_task.o(i.os_sys_init1) refers to rtx_config.o(.bss) for os_active_TCB
    rt_task.o(i.os_sys_init1) refers to rtx_config.o(.constdata) for os_maxtaskrun
    rt_task.o(i.os_sys_init1) refers to rtx_config.o(.data) for m_tmr
    rt_task.o(i.os_sys_init1) refers to rt_task.o(.bss) for .bss
    rt_task.o(i.os_sys_init1) refers to rt_list.o(.bss) for os_rdy
    rt_task.o(i.os_sys_init1) refers to rt_task.o(.data) for .data
    rt_task.o(i.os_sys_init1) refers to rt_task.o(i.os_tsk_create0) for os_tsk_create0
    rt_task.o(i.os_tsk_create0) refers to rt_task.o(i.os_init_context) for os_init_context
    rt_task.o(i.os_tsk_create0) refers to rtx_config.o(.text) for tsk_unlock
    rt_task.o(i.os_tsk_create0) refers to rt_task.o(i.os_dispatch) for os_dispatch
    rt_task.o(i.os_tsk_create0) refers to rtx_config.o(.bss) for mp_tcb
    rt_task.o(i.os_tsk_create0) refers to rtx_config.o(.constdata) for os_maxtaskrun
    rt_task.o(i.os_tsk_create_ex0) refers to rt_task.o(i.os_tsk_create0) for os_tsk_create0
    rt_task.o(i.os_tsk_delete) refers to hal_arm.o(i.os_stk_check) for os_stk_check
    rt_task.o(i.os_tsk_delete) refers to rt_list.o(i.os_get_first) for os_get_first
    rt_task.o(i.os_tsk_delete) refers to rt_list.o(i.os_rmv_dly) for os_rmv_dly
    rt_task.o(i.os_tsk_delete) refers to rt_list.o(i.os_put_prio) for os_put_prio
    rt_task.o(i.os_tsk_delete) refers to rt_list.o(i.os_rmv_list) for os_rmv_list
    rt_task.o(i.os_tsk_delete) refers to rtx_config.o(.text) for tsk_unlock
    rt_task.o(i.os_tsk_delete) refers to rt_task.o(i.os_dispatch) for os_dispatch
    rt_task.o(i.os_tsk_delete) refers to rtx_config.o(.bss) for os_active_TCB
    rt_task.o(i.os_tsk_delete) refers to rt_task.o(.data) for .data
    rt_task.o(i.os_tsk_delete) refers to rt_list.o(.bss) for os_rdy
    rt_task.o(i.os_tsk_delete) refers to rtx_config.o(.constdata) for os_maxtaskrun
    rt_task.o(i.os_tsk_pass) refers to rt_list.o(i.os_get_same_rdy_prio) for os_get_same_rdy_prio
    rt_task.o(i.os_tsk_pass) refers to rt_list.o(i.os_put_prio) for os_put_prio
    rt_task.o(i.os_tsk_pass) refers to rtx_config.o(.text) for tsk_unlock
    rt_task.o(i.os_tsk_pass) refers to rt_task.o(.data) for .data
    rt_task.o(i.os_tsk_pass) refers to rt_list.o(.bss) for os_rdy
    rt_task.o(i.os_tsk_prio) refers to rt_list.o(i.os_put_prio) for os_put_prio
    rt_task.o(i.os_tsk_prio) refers to rtx_config.o(.text) for tsk_unlock
    rt_task.o(i.os_tsk_prio) refers to rt_list.o(i.os_resort_prio) for os_resort_prio
    rt_task.o(i.os_tsk_prio) refers to rt_list.o(i.os_get_first) for os_get_first
    rt_task.o(i.os_tsk_prio) refers to rt_task.o(i.os_dispatch) for os_dispatch
    rt_task.o(i.os_tsk_prio) refers to rt_task.o(.data) for .data
    rt_task.o(i.os_tsk_prio) refers to rtx_config.o(.constdata) for os_maxtaskrun
    rt_task.o(i.os_tsk_prio) refers to rtx_config.o(.bss) for os_active_TCB
    rt_task.o(i.os_tsk_prio) refers to rt_list.o(.bss) for os_rdy
    rt_task.o(i.os_tsk_self) refers to rt_task.o(.data) for .data
    rt_semaphore.o(i.isr_sem_send) refers to rt_list.o(i.os_psq_enq) for os_psq_enq
    rt_semaphore.o(i.isr_sem_send) refers to rt_system.o(i.os_psh_req) for os_psh_req
    rt_semaphore.o(i.os_sem_init) refers to rtx_config.o(.text) for tsk_unlock
    rt_semaphore.o(i.os_sem_psh) refers to rt_list.o(i.os_get_first) for os_get_first
    rt_semaphore.o(i.os_sem_psh) refers to rt_list.o(i.os_rmv_dly) for os_rmv_dly
    rt_semaphore.o(i.os_sem_psh) refers to rt_list.o(i.os_put_prio) for os_put_prio
    rt_semaphore.o(i.os_sem_psh) refers to rt_list.o(.bss) for os_rdy
    rt_semaphore.o(i.os_sem_send) refers to rt_list.o(i.os_get_first) for os_get_first
    rt_semaphore.o(i.os_sem_send) refers to rt_list.o(i.os_rmv_dly) for os_rmv_dly
    rt_semaphore.o(i.os_sem_send) refers to rt_task.o(i.os_dispatch) for os_dispatch
    rt_semaphore.o(i.os_sem_send) refers to rtx_config.o(.text) for tsk_unlock
    rt_semaphore.o(i.os_sem_wait) refers to rtx_config.o(.text) for tsk_unlock
    rt_semaphore.o(i.os_sem_wait) refers to rt_list.o(i.os_put_prio) for os_put_prio
    rt_semaphore.o(i.os_sem_wait) refers to rt_task.o(i.os_block) for os_block
    rt_semaphore.o(i.os_sem_wait) refers to rt_task.o(.data) for os_runtask
    hal_arm.o(.emb_text) refers to hal_arm.o(.data) for sys_stktop
    hal_arm.o(.emb_text) refers to rt_task.o(i.os_sys_init1) for os_sys_init1
    hal_arm.o(.emb_text) refers to hal_arm.o(.data) for sys_mode
    hal_arm.o(.emb_text) refers to rtx_config.o(.text) for os_irq_ack_lock
    hal_arm.o(.emb_text) refers to rt_system.o(.data) for os_psh
    hal_arm.o(.emb_text) refers to rt_system.o(i.os_sys_manager) for os_sys_manager
    hal_arm.o(.emb_text) refers to SWI_Table.o(SWI_TABLE) for SWI_Table
    hal_arm.o(i.__SWI_0) refers to hal_arm.o(i.os_stk_check) for os_stk_check
    hal_arm.o(i.__SWI_0) refers to rtx_config.o(.text) for tsk_unlock
    hal_arm.o(i.__SWI_0) refers to hal_arm.o(.emb_text) for os_switch_tasks_ret
    hal_arm.o(i.__SWI_0) refers to rt_task.o(.data) for os_runtask
    hal_arm.o(i.os_init_stack) refers to rtx_config.o(.constdata) for os_stackinfo
    hal_arm.o(i.os_init_stack) refers to hal_arm.o(.data) for .data
    hal_arm.o(i.os_stk_check) refers to rtx_config.o(.text) for os_error
    hal_arm.o(i.os_stk_check) refers to rt_task.o(.data) for os_runtask
    rt_system.o(i.os_psh_req) refers to rtx_config.o(.text) for os_tmr_inspect_ovf
    rt_system.o(i.os_psh_req) refers to rt_system.o(.data) for .data
    rt_system.o(i.os_resume) refers to rt_list.o(i.os_put_rdy_first) for os_put_rdy_first
    rt_system.o(i.os_resume) refers to rt_list.o(i.os_dec_dly) for os_dec_dly
    rt_system.o(i.os_resume) refers to rt_timer.o(i.os_tmr_tick) for os_tmr_tick
    rt_system.o(i.os_resume) refers to rt_task.o(i.os_dispatch) for os_dispatch
    rt_system.o(i.os_resume) refers to rtx_config.o(.text) for tsk_unlock
    rt_system.o(i.os_resume) refers to rt_task.o(.data) for os_runtask
    rt_system.o(i.os_resume) refers to rt_robin.o(.data) for os_robin
    rt_system.o(i.os_resume) refers to rt_list.o(.bss) for os_dly
    rt_system.o(i.os_resume) refers to rt_time.o(.data) for os_time
    rt_system.o(i.os_resume) refers to rt_timer.o(.data) for os_tmr
    rt_system.o(i.os_suspend) refers to rt_list.o(.bss) for os_dly
    rt_system.o(i.os_suspend) refers to rt_timer.o(.data) for os_tmr
    rt_system.o(i.os_sys_manager) refers to rt_list.o(i.os_put_rdy_first) for os_put_rdy_first
    rt_system.o(i.os_sys_manager) refers to rtx_config.o(.text) for os_tmr_inspect_cnt
    rt_system.o(i.os_sys_manager) refers to rt_robin.o(i.os_chk_robin) for os_chk_robin
    rt_system.o(i.os_sys_manager) refers to rt_list.o(i.os_dec_dly) for os_dec_dly
    rt_system.o(i.os_sys_manager) refers to rt_semaphore.o(i.os_sem_psh) for os_sem_psh
    rt_system.o(i.os_sys_manager) refers to hal_arm.o(.emb_text) for _dec_qc
    rt_system.o(i.os_sys_manager) refers to rt_event.o(i.os_evt_psh) for os_evt_psh
    rt_system.o(i.os_sys_manager) refers to rt_mailbox.o(i.os_mbx_psh) for os_mbx_psh
    rt_system.o(i.os_sys_manager) refers to rt_timer.o(i.os_tmr_tick) for os_tmr_tick
    rt_system.o(i.os_sys_manager) refers to hal_arm.o(i.os_stk_check) for os_stk_check
    rt_system.o(i.os_sys_manager) refers to rt_list.o(i.os_get_first) for os_get_first
    rt_system.o(i.os_sys_manager) refers to rt_task.o(.data) for os_runtask
    rt_system.o(i.os_sys_manager) refers to rt_system.o(.data) for .data
    rt_system.o(i.os_sys_manager) refers to rt_time.o(.data) for os_time
    rt_system.o(i.os_sys_manager) refers to rtx_config.o(.bss) for os_fifo
    rt_system.o(i.os_sys_manager) refers to rt_list.o(.bss) for os_rdy
    rt_list.o(i.os_dec_dly) refers to rt_list.o(i.os_put_prio) for os_put_prio
    rt_list.o(i.os_dec_dly) refers to rt_list.o(.bss) for .bss
    rt_list.o(i.os_dec_dly) refers to rt_time.o(.data) for os_time
    rt_list.o(i.os_get_same_rdy_prio) refers to rt_list.o(.bss) for .bss
    rt_list.o(i.os_get_same_rdy_prio) refers to rt_task.o(.data) for os_runtask
    rt_list.o(i.os_psq_enq) refers to hal_arm.o(.emb_text) for _inc_qi
    rt_list.o(i.os_psq_enq) refers to rtx_config.o(.text) for os_error
    rt_list.o(i.os_psq_enq) refers to rtx_config.o(.bss) for os_fifo
    rt_list.o(i.os_put_dly) refers to rt_list.o(.bss) for .bss
    rt_list.o(i.os_put_rdy_first) refers to rt_list.o(.bss) for .bss
    rt_list.o(i.os_resort_prio) refers to rt_list.o(i.os_rmv_list) for os_rmv_list
    rt_list.o(i.os_resort_prio) refers to rt_list.o(i.os_put_prio) for os_put_prio
    rt_list.o(i.os_resort_prio) refers to rt_list.o(.bss) for .bss
    rt_list.o(i.os_rmv_list) refers to rt_list.o(.bss) for .bss
    rt_robin.o(i.os_chk_robin) refers to rt_list.o(i.os_get_first) for os_get_first
    rt_robin.o(i.os_chk_robin) refers to rt_list.o(i.os_put_prio) for os_put_prio
    rt_robin.o(i.os_chk_robin) refers to rt_robin.o(.data) for .data
    rt_robin.o(i.os_chk_robin) refers to rt_list.o(.bss) for os_rdy
    rt_robin.o(i.os_chk_robin) refers to rt_time.o(.data) for os_time
    rt_robin.o(i.os_init_robin) refers to rt_robin.o(.data) for .data
    rt_robin.o(i.os_init_robin) refers to rtx_config.o(.constdata) for os_rrobin
    SWI_Table.o(SWI_TABLE) refers to hal_arm.o(i.__SWI_0) for __SWI_0
    SWI_Table.o(SWI_TABLE) refers to rt_membox.o(i.__SWI_1) for __SWI_1
    SWI_Table.o(SWI_TABLE) refers to rt_membox.o(i.__SWI_2) for __SWI_2
    SWI_Table.o(SWI_TABLE) refers to hal_arm.o(i.__SWI_3) for __SWI_3
    SWI_Table.o(SWI_TABLE) refers to hal_arm.o(i.__SWI_4) for __SWI_4
    SWI_Table.o(SWI_TABLE) refers to rtx_config.o(.text) for __SWI_5
    SWI_Table.o(SWI_TABLE) refers to hal_arm.o(i.__SWI_6) for __SWI_6
    SWI_Table.o(SWI_TABLE) refers to hal_arm.o(i.__SWI_7) for __SWI_7
    rt_time.o(i.os_dly_wait) refers to rt_task.o(i.os_block) for os_block
    rt_time.o(i.os_dly_wait) refers to rtx_config.o(.text) for tsk_unlock
    rt_time.o(i.os_itv_set) refers to rt_task.o(.data) for os_runtask
    rt_time.o(i.os_itv_set) refers to rt_time.o(.data) for .data
    rt_time.o(i.os_itv_wait) refers to rt_task.o(i.os_block) for os_block
    rt_time.o(i.os_itv_wait) refers to rtx_config.o(.text) for tsk_unlock
    rt_time.o(i.os_itv_wait) refers to rt_task.o(.data) for os_runtask
    rt_time.o(i.os_itv_wait) refers to rt_time.o(.data) for .data
    rt_time.o(i.os_time_get) refers to rt_time.o(.data) for .data
    rt_event.o(i.isr_evt_set) refers to rt_list.o(i.os_psq_enq) for os_psq_enq
    rt_event.o(i.isr_evt_set) refers to rt_system.o(i.os_psh_req) for os_psh_req
    rt_event.o(i.isr_evt_set) refers to rtx_config.o(.bss) for os_active_TCB
    rt_event.o(i.os_evt_clr) refers to rtx_config.o(.text) for tsk_unlock
    rt_event.o(i.os_evt_clr) refers to rtx_config.o(.bss) for os_active_TCB
    rt_event.o(i.os_evt_get) refers to rt_task.o(.data) for os_runtask
    rt_event.o(i.os_evt_psh) refers to rt_list.o(i.os_rmv_dly) for os_rmv_dly
    rt_event.o(i.os_evt_psh) refers to rt_list.o(i.os_put_prio) for os_put_prio
    rt_event.o(i.os_evt_psh) refers to rt_list.o(.bss) for os_rdy
    rt_event.o(i.os_evt_set) refers to rt_list.o(i.os_rmv_dly) for os_rmv_dly
    rt_event.o(i.os_evt_set) refers to rt_task.o(i.os_dispatch) for os_dispatch
    rt_event.o(i.os_evt_set) refers to rtx_config.o(.text) for tsk_unlock
    rt_event.o(i.os_evt_set) refers to rtx_config.o(.bss) for os_active_TCB
    rt_event.o(i.os_evt_wait) refers to rt_task.o(i.os_block) for os_block
    rt_event.o(i.os_evt_wait) refers to rtx_config.o(.text) for tsk_unlock
    rt_event.o(i.os_evt_wait) refers to rt_task.o(.data) for os_runtask
    rt_mailbox.o(i.isr_mbx_receive) refers to rt_list.o(i.os_psq_enq) for os_psq_enq
    rt_mailbox.o(i.isr_mbx_receive) refers to rt_system.o(i.os_psh_req) for os_psh_req
    rt_mailbox.o(i.isr_mbx_send) refers to rt_list.o(i.os_psq_enq) for os_psq_enq
    rt_mailbox.o(i.isr_mbx_send) refers to rt_system.o(i.os_psh_req) for os_psh_req
    rt_mailbox.o(i.os_mbx_init) refers to rtx_config.o(.text) for tsk_unlock
    rt_mailbox.o(i.os_mbx_psh) refers to rt_list.o(i.os_get_first) for os_get_first
    rt_mailbox.o(i.os_mbx_psh) refers to rt_list.o(i.os_rmv_dly) for os_rmv_dly
    rt_mailbox.o(i.os_mbx_psh) refers to rt_list.o(i.os_put_prio) for os_put_prio
    rt_mailbox.o(i.os_mbx_psh) refers to rtx_config.o(.text) for os_error
    rt_mailbox.o(i.os_mbx_psh) refers to rt_list.o(.bss) for os_rdy
    rt_mailbox.o(i.os_mbx_send) refers to rt_list.o(i.os_put_prio) for os_put_prio
    rt_mailbox.o(i.os_mbx_send) refers to rt_list.o(i.os_get_first) for os_get_first
    rt_mailbox.o(i.os_mbx_send) refers to rt_list.o(i.os_rmv_dly) for os_rmv_dly
    rt_mailbox.o(i.os_mbx_send) refers to rt_task.o(i.os_dispatch) for os_dispatch
    rt_mailbox.o(i.os_mbx_send) refers to rt_task.o(i.os_block) for os_block
    rt_mailbox.o(i.os_mbx_send) refers to rtx_config.o(.text) for tsk_unlock
    rt_mailbox.o(i.os_mbx_send) refers to rt_task.o(.data) for os_runtask
    rt_mailbox.o(i.os_mbx_wait) refers to rt_list.o(i.os_get_first) for os_get_first
    rt_mailbox.o(i.os_mbx_wait) refers to rt_list.o(i.os_rmv_dly) for os_rmv_dly
    rt_mailbox.o(i.os_mbx_wait) refers to rt_task.o(i.os_dispatch) for os_dispatch
    rt_mailbox.o(i.os_mbx_wait) refers to rtx_config.o(.text) for tsk_unlock
    rt_mailbox.o(i.os_mbx_wait) refers to rt_list.o(i.os_put_prio) for os_put_prio
    rt_mailbox.o(i.os_mbx_wait) refers to rt_task.o(i.os_block) for os_block
    rt_mailbox.o(i.os_mbx_wait) refers to rt_task.o(.data) for os_runtask
    rt_timer.o(i.os_tmr_create) refers to rtx_config.o(.text) for tsk_unlock
    rt_timer.o(i.os_tmr_create) refers to rtx_config.o(.data) for m_tmr
    rt_timer.o(i.os_tmr_create) refers to rt_timer.o(.data) for .data
    rt_timer.o(i.os_tmr_kill) refers to rtx_config.o(.text) for tsk_unlock
    rt_timer.o(i.os_tmr_kill) refers to rt_timer.o(.data) for .data
    rt_timer.o(i.os_tmr_kill) refers to rtx_config.o(.data) for m_tmr
    rt_timer.o(i.os_tmr_tick) refers to rtx_config.o(.text) for os_tmr_call
    rt_timer.o(i.os_tmr_tick) refers to rt_timer.o(.data) for .data
    rt_timer.o(i.os_tmr_tick) refers to rtx_config.o(.data) for m_tmr
    entry.o(.ARM.Collect$$$$00000000) refers (Special) to entry10a.o(.ARM.Collect$$$$0000000D) for __rt_final_cpp
    entry.o(.ARM.Collect$$$$00000000) refers (Special) to entry11a.o(.ARM.Collect$$$$0000000F) for __rt_final_exit
    entry.o(.ARM.Collect$$$$00000000) refers (Special) to entry7b.o(.ARM.Collect$$$$00000008) for _main_clock
    entry.o(.ARM.Collect$$$$00000000) refers (Special) to entry8b.o(.ARM.Collect$$$$0000000A) for _main_cpp_init
    entry.o(.ARM.Collect$$$$00000000) refers (Special) to entry9a.o(.ARM.Collect$$$$0000000B) for _main_init
    entry.o(.ARM.Collect$$$$00000000) refers (Special) to entry5.o(.ARM.Collect$$$$00000004) for _main_scatterload
    entry.o(.ARM.Collect$$$$00000000) refers (Special) to entry2.o(.ARM.Collect$$$$00000001) for _main_stk
    entry2.o(.ARM.Collect$$$$00000001) refers to entry2.o(.ARM.Collect$$$$00002712) for __lit__00000000
    entry2.o(.ARM.Collect$$$$00002712) refers to startup.o(STACK) for __initial_sp
    entry5.o(.ARM.Collect$$$$00000004) refers to init.o(.text) for __scatterload
    entry9a.o(.ARM.Collect$$$$0000000B) refers to main.o(.text) for main
    entry9b.o(.ARM.Collect$$$$0000000C) refers to main.o(.text) for main
    init.o(.text) refers to init.o(i.__ARM_common_call_via_r3) for __ARM_common_call_via_r3
    init.o(.text) refers to entry5.o(.ARM.Collect$$$$00000004) for __main_after_scatterload


==============================================================================

Removing Unused input sections from the image.

    Removing startup.o(HEAP), (0 bytes).
    Removing rt_task.o(i.os_tsk_create_ex0), (12 bytes).
    Removing rt_task.o(i.os_tsk_delete), (336 bytes).
    Removing rt_task.o(i.os_tsk_pass), (52 bytes).
    Removing rt_task.o(i.os_tsk_self), (16 bytes).
    Removing rt_semaphore.o(i.isr_sem_send), (18 bytes).
    Removing rt_system.o(.emb_text), (0 bytes).
    Removing rt_system.o(i.os_psh_req), (52 bytes).
    Removing rt_system.o(i.os_resume), (168 bytes).
    Removing rt_system.o(i.os_suspend), (52 bytes).
    Removing rt_list.o(i.os_get_same_rdy_prio), (36 bytes).
    Removing rt_list.o(i.os_psq_enq), (52 bytes).
    Removing rt_membox.o(i._calloc_box), (32 bytes).
    Removing rt_time.o(i.os_dly_wait), (24 bytes).
    Removing rt_time.o(i.os_itv_set), (24 bytes).
    Removing rt_time.o(i.os_itv_wait), (56 bytes).
    Removing rt_time.o(i.os_time_get), (12 bytes).
    Removing rt_event.o(i.isr_evt_set), (40 bytes).
    Removing rt_event.o(i.os_evt_clr), (40 bytes).
    Removing rt_event.o(i.os_evt_get), (12 bytes).
    Removing rt_event.o(i.os_evt_set), (100 bytes).
    Removing rt_event.o(i.os_evt_wait), (96 bytes).
    Removing rt_mailbox.o(i.isr_mbx_receive), (76 bytes).
    Removing rt_mailbox.o(i.isr_mbx_send), (16 bytes).
    Removing rt_mailbox.o(i.os_mbx_check), (8 bytes).
    Removing rt_mailbox.o(i.os_mbx_init), (48 bytes).
    Removing rt_mailbox.o(i.os_mbx_send), (164 bytes).
    Removing rt_mailbox.o(i.os_mbx_wait), (160 bytes).
    Removing rt_timer.o(i.os_tmr_create), (92 bytes).
    Removing rt_timer.o(i.os_tmr_kill), (72 bytes).

30 unused section(s) (total 1866 bytes) removed from the image.

==============================================================================

Adding Veneers to the image

    Adding AT veneer (8 bytes, Inline) for call to 'os_sys_init0' from main.o(.text).
    Adding TA veneer (4 bytes, Inline) for call to 'os_idle_demon' from rt_task.o(i.os_sys_init1).
    Adding AT veneer (8 bytes, Inline) for call to '__scatterload' from entry5.o(.ARM.Collect$$$$00000004).
    Adding TA veneer (8 bytes, Short) for call to '__main_after_scatterload' from init.o(.text).
    Adding TA veneer (8 bytes, Short) for call to 'os_error' from rt_mailbox.o(i.os_mbx_psh).
    Adding TA veneer (8 bytes, Short) for call to 'os_tmr_call' from rt_timer.o(i.os_tmr_tick).
    Adding AT veneer (8 bytes, Inline) for call to 'os_sem_init' from main.o(.text).
    Adding AT veneer (8 bytes, Inline) for call to 'os_sem_send' from main.o(.text).
    Adding AT veneer (8 bytes, Inline) for call to 'os_sem_wait' from main.o(.text).
    Adding AT veneer (8 bytes, Inline) for call to 'os_tsk_create0' from main.o(.text).
    Adding AT veneer (8 bytes, Inline) for call to 'os_tsk_prio' from main.o(.text).

11 Veneer(s) (total 84 bytes) added to the image.

==============================================================================

Image Symbol Table

    Local Symbols

    Symbol Name                              Value     Ov Type        Size  Object(Section)

    RESET                                    0x00000000   Section      260  startup.o(RESET)
    ../clib/../cmprslib/zerorunl2.c          0x00000000   Number         0  __dczerorl2.o ABSOLUTE
    ../clib/microlib/init/entry.s            0x00000000   Number         0  entry9b.o ABSOLUTE
    ../clib/microlib/init/entry.s            0x00000000   Number         0  entry2.o ABSOLUTE
    ../clib/microlib/init/entry.s            0x00000000   Number         0  entry10b.o ABSOLUTE
    ../clib/microlib/init/entry.s            0x00000000   Number         0  entry10a.o ABSOLUTE
    ../clib/microlib/init/entry.s            0x00000000   Number         0  entry11b.o ABSOLUTE
    ../clib/microlib/init/entry.s            0x00000000   Number         0  entry11a.o ABSOLUTE
    ../clib/microlib/init/entry.s            0x00000000   Number         0  entry.o ABSOLUTE
    ../clib/microlib/init/entry.s            0x00000000   Number         0  entry9a.o ABSOLUTE
    ../clib/microlib/init/entry.s            0x00000000   Number         0  entry5.o ABSOLUTE
    ../clib/microlib/init/entry.s            0x00000000   Number         0  entry7a.o ABSOLUTE
    ../clib/microlib/init/entry.s            0x00000000   Number         0  entry8b.o ABSOLUTE
    ../clib/microlib/init/entry.s            0x00000000   Number         0  entry7b.o ABSOLUTE
    ../clib/microlib/init/entry.s            0x00000000   Number         0  entry8a.o ABSOLUTE
    RTX_Config.c                             0x00000000   Number         0  rtx_config.o ABSOLUTE
    SRC\ARM\HAL_ARM.c                        0x00000000   Number         0  hal_arm.o ABSOLUTE
    SRC\ARM\SWI_Table.s                      0x00000000   Number         0  SWI_Table.o ABSOLUTE
    SRC\ARM\rt_Event.c                       0x00000000   Number         0  rt_event.o ABSOLUTE
    SRC\ARM\rt_List.c                        0x00000000   Number         0  rt_list.o ABSOLUTE
    SRC\ARM\rt_Mailbox.c                     0x00000000   Number         0  rt_mailbox.o ABSOLUTE
    SRC\ARM\rt_MemBox.c                      0x00000000   Number         0  rt_membox.o ABSOLUTE
    SRC\ARM\rt_Robin.c                       0x00000000   Number         0  rt_robin.o ABSOLUTE
    SRC\ARM\rt_Semaphore.c                   0x00000000   Number         0  rt_semaphore.o ABSOLUTE
    SRC\ARM\rt_System.c                      0x00000000   Number         0  rt_system.o ABSOLUTE
    SRC\ARM\rt_Task.c                        0x00000000   Number         0  rt_task.o ABSOLUTE
    SRC\ARM\rt_Time.c                        0x00000000   Number         0  rt_time.o ABSOLUTE
    SRC\ARM\rt_Timer.c                       0x00000000   Number         0  rt_timer.o ABSOLUTE
    SRC\\ARM\\HAL_ARM.c                      0x00000000   Number         0  hal_arm.o ABSOLUTE
    SRC\\ARM\\rt_System.c                    0x00000000   Number         0  rt_system.o ABSOLUTE
    Startup.s                                0x00000000   Number         0  startup.o ABSOLUTE
    dc.s                                     0x00000000   Number         0  dc.o ABSOLUTE
    handlers.s                               0x00000000   Number         0  handlers.o ABSOLUTE
    init.s                                   0x00000000   Number         0  init.o ABSOLUTE
    main.c                                   0x00000000   Number         0  main.o ABSOLUTE
    Undef_Handler                            0x00000040   ARM Code       4  startup.o(RESET)
    PAbt_Handler                             0x00000044   ARM Code       4  startup.o(RESET)
    DAbt_Handler                             0x00000048   ARM Code       4  startup.o(RESET)
    IRQ_Handler                              0x0000004c   ARM Code       4  startup.o(RESET)
    FIQ_Handler                              0x00000050   ARM Code       4  startup.o(RESET)
    .ARM.Collect$$$$00000000                 0x00000104   Section        0  entry.o(.ARM.Collect$$$$00000000)
    .ARM.Collect$$$$00000001                 0x00000104   Section        4  entry2.o(.ARM.Collect$$$$00000001)
    .ARM.Collect$$$$00000004                 0x00000108   Section        4  entry5.o(.ARM.Collect$$$$00000004)
    .ARM.Collect$$$$00000008                 0x0000010c   Section        0  entry7b.o(.ARM.Collect$$$$00000008)
    .ARM.Collect$$$$0000000A                 0x0000010c   Section        0  entry8b.o(.ARM.Collect$$$$0000000A)
    .ARM.Collect$$$$0000000B                 0x0000010c   Section       12  entry9a.o(.ARM.Collect$$$$0000000B)
    .ARM.Collect$$$$0000000D                 0x00000118   Section        0  entry10a.o(.ARM.Collect$$$$0000000D)
    .ARM.Collect$$$$0000000F                 0x00000118   Section        0  entry11a.o(.ARM.Collect$$$$0000000F)
    .ARM.Collect$$$$00002712                 0x00000118   Section        4  entry2.o(.ARM.Collect$$$$00002712)
    __lit__00000000                          0x00000118   Data           4  entry2.o(.ARM.Collect$$$$00002712)
    .emb_text                                0x00000124   Section      516  hal_arm.o(.emb_text)
    Switch_task                              0x000002a0   ARM Code       0  hal_arm.o(.emb_text)
    .text                                    0x00000328   Section        0  main.o(.text)
    .text                                    0x00000b80   Section        0  rtx_config.o(.text)
    os_def_interrupt                         0x00000b94   ARM Code      20  rtx_config.o(.text)
    .text                                    0x00000ba8   Section        0  rtx_config.o(.text)
    .text                                    0x00000c30   Section       32  init.o(.text)
    .text                                    0x00000c50   Section        0  __dczerorl2.o(.text)
    SWI_TABLE                                0x00000cd0   Section       36  SWI_Table.o(SWI_TABLE)
    i.__ARM_common_call_via_r3               0x00000d0c   Section        2  init.o(i.__ARM_common_call_via_r3)
    i.__SWI_0                                0x00000d10   Section        0  hal_arm.o(i.__SWI_0)
    i.__SWI_1                                0x00000d44   Section        0  rt_membox.o(i.__SWI_1)
    i.__SWI_2                                0x00000d52   Section        0  rt_membox.o(i.__SWI_2)
    i.__SWI_3                                0x00000d6a   Section        0  hal_arm.o(i.__SWI_3)
    i.__SWI_4                                0x00000d72   Section        0  hal_arm.o(i.__SWI_4)
    i.__SWI_6                                0x00000d7a   Section        0  hal_arm.o(i.__SWI_6)
    i.__SWI_7                                0x00000d7c   Section        0  hal_arm.o(i.__SWI_7)
    i.__scatterload_copy                     0x00000d80   Section       28  handlers.o(i.__scatterload_copy)
    i.__scatterload_null                     0x00000d9c   Section        4  handlers.o(i.__scatterload_null)
    i.__scatterload_zeroinit                 0x00000da0   Section       24  handlers.o(i.__scatterload_zeroinit)
    i._init_box                              0x00000db8   Section        0  rt_membox.o(i._init_box)
    i.os_block                               0x00000e04   Section        0  rt_task.o(i.os_block)
    i.os_chk_robin                           0x00000e4c   Section        0  rt_robin.o(i.os_chk_robin)
    i.os_dec_dly                             0x00000e94   Section        0  rt_list.o(i.os_dec_dly)
    i.os_dispatch                            0x00000f10   Section        0  rt_task.o(i.os_dispatch)
    i.os_evt_psh                             0x00000f54   Section        0  rt_event.o(i.os_evt_psh)
    i.os_get_first                           0x00000fa4   Section        0  rt_list.o(i.os_get_first)
    i.os_init_context                        0x00000fd0   Section        0  rt_task.o(i.os_init_context)
    os_init_context                          0x00000fd1   Thumb Code    70  rt_task.o(i.os_init_context)
    i.os_init_robin                          0x0000101c   Section        0  rt_robin.o(i.os_init_robin)
    i.os_init_stack                          0x00001034   Section        0  hal_arm.o(i.os_init_stack)
    i.os_mbx_psh                             0x000010a8   Section        0  rt_mailbox.o(i.os_mbx_psh)
    i.os_put_dly                             0x00001130   Section        0  rt_list.o(i.os_put_dly)
    i.os_put_prio                            0x00001180   Section        0  rt_list.o(i.os_put_prio)
    i.os_put_rdy_first                       0x000011c0   Section        0  rt_list.o(i.os_put_rdy_first)
    i.os_resort_prio                         0x000011d4   Section        0  rt_list.o(i.os_resort_prio)
    i.os_rmv_dly                             0x00001208   Section        0  rt_list.o(i.os_rmv_dly)
    i.os_rmv_list                            0x00001234   Section        0  rt_list.o(i.os_rmv_list)
    i.os_sem_init                            0x00001270   Section        0  rt_semaphore.o(i.os_sem_init)
    i.os_sem_psh                             0x0000128c   Section        0  rt_semaphore.o(i.os_sem_psh)
    i.os_sem_send                            0x000012cc   Section        0  rt_semaphore.o(i.os_sem_send)
    i.os_sem_wait                            0x00001310   Section        0  rt_semaphore.o(i.os_sem_wait)
    i.os_stk_check                           0x00001370   Section        0  hal_arm.o(i.os_stk_check)
    i.os_sys_init1                           0x000013a0   Section        0  rt_task.o(i.os_sys_init1)
    i.os_sys_manager                         0x00001488   Section        0  rt_system.o(i.os_sys_manager)
    i.os_tmr_tick                            0x00001558   Section        0  rt_timer.o(i.os_tmr_tick)
    i.os_tsk_create0                         0x000015a4   Section        0  rt_task.o(i.os_tsk_create0)
    i.os_tsk_prio                            0x0000163c   Section        0  rt_task.o(i.os_tsk_prio)
    .constdata                               0x000016cc   Section       32  rtx_config.o(.constdata)
    __tagsym$$used                           0x000016d8   Number         0  rtx_config.o(.constdata)
    __tagsym$$used                           0x000016dc   Number         0  rtx_config.o(.constdata)
    .constdata                               0x000016ec   Section        4  rt_system.o(.constdata)
    __tagsym$$used                           0x000016ec   Number         0  rt_system.o(.constdata)
    .data                                    0x40000000   Section      306  main.o(.data)
    .data                                    0x40000134   Section        4  rtx_config.o(.data)
    .data                                    0x40000138   Section        4  rt_task.o(.data)
    .data                                    0x4000013c   Section        4  hal_arm.o(.data)
    .data                                    0x40000140   Section        1  hal_arm.o(.data)
    .data                                    0x40000144   Section        8  rt_system.o(.data)
    .data                                    0x4000014c   Section        8  rt_robin.o(.data)
    .data                                    0x40000154   Section        4  rt_time.o(.data)
    .data                                    0x40000158   Section        8  rt_timer.o(.data)
    .bss                                     0x40000160   Section     4108  rtx_config.o(.bss)
    .bss                                     0x4000116c   Section       56  rt_task.o(.bss)
    .bss                                     0x400011a4   Section       48  rt_list.o(.bss)
    STACK                                    0x400011d8   Section      176  startup.o(STACK)
    Stack_Top                                0x40001288   Data           0  startup.o(STACK)

    Global Symbols

    Symbol Name                              Value     Ov Type        Size  Object(Section)

    BuildAttributes$$THM_ISAv1$ARM_ISAv4$S$PE$A:L22$X:L11$S22$IEEE1$IW$USESV6$~STKCKD$USESV7$~SHL$OSPACE$EBA8$MICROLIB$REQ8$EABIv2 0x00000000   Number         0  anon$$obj.o ABSOLUTE
    __ARM_use_no_argv                        0x00000000   Number         0  main.o ABSOLUTE
    __cpp_initialize__aeabi_                  - Undefined Weak Reference
    __cxa_finalize                            - Undefined Weak Reference
    _clock_init                               - Undefined Weak Reference
    _microlib_exit                            - Undefined Weak Reference
    os_tmr_reload                             - Undefined Weak Reference
    rt_init                                   - Undefined Weak Reference
    rt_notify                                 - Undefined Weak Reference
    rt_post_taskswitch                        - Undefined Weak Reference
    Reset_Handler                            0x00000054   ARM Code       0  startup.o(RESET)
    __main                                   0x00000104   ARM Code       0  entry.o(.ARM.Collect$$$$00000000)
    _main_stk                                0x00000104   ARM Code       0  entry2.o(.ARM.Collect$$$$00000001)
    _main_scatterload                        0x00000108   ARM Code       0  entry5.o(.ARM.Collect$$$$00000004)
    __main_after_scatterload                 0x0000010c   ARM Code       0  entry5.o(.ARM.Collect$$$$00000004)
    _main_clock                              0x0000010c   ARM Code       0  entry7b.o(.ARM.Collect$$$$00000008)
    _main_cpp_init                           0x0000010c   ARM Code       0  entry8b.o(.ARM.Collect$$$$0000000A)
    _main_init                               0x0000010c   ARM Code       0  entry9a.o(.ARM.Collect$$$$0000000B)
    __rt_final_cpp                           0x00000118   ARM Code       0  entry10a.o(.ARM.Collect$$$$0000000D)
    __rt_final_exit                          0x00000118   ARM Code       0  entry11a.o(.ARM.Collect$$$$0000000F)
    Inline ARM to Thumb Veneer to os_sys_init0 0x0000011c   ARM Code       8  hal_arm.o(.emb_text)
    _inc_qi                                  0x00000125   Thumb Code    60  hal_arm.o(.emb_text)
    _dec_qc                                  0x00000161   Thumb Code    32  hal_arm.o(.emb_text)
    os_set_env                               0x00000181   Thumb Code     8  hal_arm.o(.emb_text)
    os_sys_init0                             0x00000189   Thumb Code    32  hal_arm.o(.emb_text)
    os_sys_run                               0x000001b5   Thumb Code    16  hal_arm.o(.emb_text)
    os_clock_interrupt                       0x000001c8   ARM Code     128  hal_arm.o(.emb_text)
    os_sys_manager_ret                       0x00000235   Thumb Code     0  hal_arm.o(.emb_text)
    SWI_Handler                              0x0000025c   ARM Code     196  hal_arm.o(.emb_text)
    os_switch_tasks_ret                      0x00000299   Thumb Code     0  hal_arm.o(.emb_text)
    init_serial                              0x00000328   ARM Code      44  main.o(.text)
    delay                                    0x00000354   ARM Code      28  main.o(.text)
    task2                                    0x00000370   ARM Code     364  main.o(.text)
    __RL_RTX_VER                             0x00000473   Number         0  rt_system.o ABSOLUTE
    task1                                    0x000004dc   ARM Code    1556  main.o(.text)
    main                                     0x00000af0   ARM Code      44  main.o(.text)
    Inline Thumb to ARM Veneer to os_idle_demon 0x00000b7d   Thumb Code     4  rtx_config.o(.text)
    os_idle_demon                            0x00000b80   ARM Code       8  rtx_config.o(.text)
    os_tmr_call                              0x00000b88   ARM Code       4  rtx_config.o(.text)
    os_error                                 0x00000b8c   ARM Code       8  rtx_config.o(.text)
    os_tmr_init                              0x00000ba9   Thumb Code    34  rtx_config.o(.text)
    os_tmr_force_irq                         0x00000bcd   Thumb Code     8  rtx_config.o(.text)
    os_tmr_inspect_cnt                       0x00000bd5   Thumb Code     6  rtx_config.o(.text)
    os_tmr_inspect_ovf                       0x00000bdd   Thumb Code    10  rtx_config.o(.text)
    os_irq_ack_lock                          0x00000be9   Thumb Code    20  rtx_config.o(.text)
    __SWI_5                                  0x00000bfd   Thumb Code     8  rtx_config.o(.text)
    tsk_unlock                               0x00000c05   Thumb Code     8  rtx_config.o(.text)
    Inline ARM to Thumb Veneer to __scatterload 0x00000c28   ARM Code       8  init.o(.text)
    __scatterload                            0x00000c31   Thumb Code    24  init.o(.text)
    __scatterload_rt2                        0x00000c31   Thumb Code     0  init.o(.text)
    __decompress                             0x00000c50   ARM Code       0  __dczerorl2.o(.text)
    __decompress1                            0x00000c50   ARM Code     128  __dczerorl2.o(.text)
    SWI_Count                                0x00000cd0   Data           4  SWI_Table.o(SWI_TABLE)
    SWI_Table                                0x00000cd4   Data           0  SWI_Table.o(SWI_TABLE)
    Short Thumb to ARM Veneer to __main_after_scatterload 0x00000cf5   Thumb Code     8  anon$$obj.o(Veneer$$Code)
    Short Thumb to ARM Veneer to os_error    0x00000cfd   Thumb Code     8  anon$$obj.o(Veneer$$Code)
    Short Thumb to ARM Veneer to os_tmr_call 0x00000d05   Thumb Code     8  anon$$obj.o(Veneer$$Code)
    __ARM_common_call_via_r3                 0x00000d0d   Thumb Code     2  init.o(i.__ARM_common_call_via_r3)
    __SWI_0                                  0x00000d11   Thumb Code    46  hal_arm.o(i.__SWI_0)
    __SWI_1                                  0x00000d45   Thumb Code    14  rt_membox.o(i.__SWI_1)
    __SWI_2                                  0x00000d53   Thumb Code    24  rt_membox.o(i.__SWI_2)
    __SWI_3                                  0x00000d6b   Thumb Code     8  hal_arm.o(i.__SWI_3)
    __SWI_4                                  0x00000d73   Thumb Code     8  hal_arm.o(i.__SWI_4)
    __SWI_6                                  0x00000d7b   Thumb Code     2  hal_arm.o(i.__SWI_6)
    __SWI_7                                  0x00000d7d   Thumb Code     2  hal_arm.o(i.__SWI_7)
    __scatterload_copy                       0x00000d80   ARM Code      28  handlers.o(i.__scatterload_copy)
    __scatterload_null                       0x00000d9c   ARM Code       4  handlers.o(i.__scatterload_null)
    __scatterload_zeroinit                   0x00000da0   ARM Code      24  handlers.o(i.__scatterload_zeroinit)
    _init_box                                0x00000db9   Thumb Code    74  rt_membox.o(i._init_box)
    os_block                                 0x00000e05   Thumb Code    58  rt_task.o(i.os_block)
    os_chk_robin                             0x00000e4d   Thumb Code    60  rt_robin.o(i.os_chk_robin)
    os_dec_dly                               0x00000e95   Thumb Code   116  rt_list.o(i.os_dec_dly)
    os_dispatch                              0x00000f11   Thumb Code    60  rt_task.o(i.os_dispatch)
    os_evt_psh                               0x00000f55   Thumb Code    74  rt_event.o(i.os_evt_psh)
    os_get_first                             0x00000fa5   Thumb Code    42  rt_list.o(i.os_get_first)
    os_init_robin                            0x0000101d   Thumb Code    16  rt_robin.o(i.os_init_robin)
    os_init_stack                            0x00001035   Thumb Code   100  hal_arm.o(i.os_init_stack)
    os_mbx_psh                               0x000010a9   Thumb Code   132  rt_mailbox.o(i.os_mbx_psh)
    os_put_dly                               0x00001131   Thumb Code    76  rt_list.o(i.os_put_dly)
    os_put_prio                              0x00001181   Thumb Code    62  rt_list.o(i.os_put_prio)
    os_put_rdy_first                         0x000011c1   Thumb Code    14  rt_list.o(i.os_put_rdy_first)
    os_resort_prio                           0x000011d5   Thumb Code    48  rt_list.o(i.os_resort_prio)
    os_rmv_dly                               0x00001209   Thumb Code    44  rt_list.o(i.os_rmv_dly)
    os_rmv_list                              0x00001235   Thumb Code    46  rt_list.o(i.os_rmv_list)
    Inline ARM to Thumb Veneer to os_sem_init 0x00001268   ARM Code       8  rt_semaphore.o(i.os_sem_init)
    os_sem_init                              0x00001271   Thumb Code    28  rt_semaphore.o(i.os_sem_init)
    os_sem_psh                               0x0000128d   Thumb Code    50  rt_semaphore.o(i.os_sem_psh)
    Inline ARM to Thumb Veneer to os_sem_send 0x000012c4   ARM Code       8  rt_semaphore.o(i.os_sem_send)
    os_sem_send                              0x000012cd   Thumb Code    58  rt_semaphore.o(i.os_sem_send)
    Inline ARM to Thumb Veneer to os_sem_wait 0x00001308   ARM Code       8  rt_semaphore.o(i.os_sem_wait)
    os_sem_wait                              0x00001311   Thumb Code    90  rt_semaphore.o(i.os_sem_wait)
    os_stk_check                             0x00001371   Thumb Code    38  hal_arm.o(i.os_stk_check)
    os_sys_init1                             0x000013a1   Thumb Code   162  rt_task.o(i.os_sys_init1)
    os_sys_manager                           0x00001489   Thumb Code   186  rt_system.o(i.os_sys_manager)
    os_tmr_tick                              0x00001559   Thumb Code    58  rt_timer.o(i.os_tmr_tick)
    Inline ARM to Thumb Veneer to os_tsk_create0 0x0000159c   ARM Code       8  rt_task.o(i.os_tsk_create0)
    os_tsk_create0                           0x000015a5   Thumb Code   130  rt_task.o(i.os_tsk_create0)
    Inline ARM to Thumb Veneer to os_tsk_prio 0x00001634   ARM Code       8  rt_task.o(i.os_tsk_prio)
    os_tsk_prio                              0x0000163d   Thumb Code   128  rt_task.o(i.os_tsk_prio)
    os_maxtaskrun                            0x000016cc   Data           2  rtx_config.o(.constdata)
    os_stackinfo                             0x000016d0   Data           4  rtx_config.o(.constdata)
    os_rrobin                                0x000016d4   Data           4  rtx_config.o(.constdata)
    os_clockrate                             0x000016d8   Data           4  rtx_config.o(.constdata)
    os_timernum                              0x000016dc   Data           4  rtx_config.o(.constdata)
    mp_tcb_size                              0x000016e0   Data           2  rtx_config.o(.constdata)
    mp_stk_size                              0x000016e4   Data           4  rtx_config.o(.constdata)
    os_fifo_size                             0x000016e8   Data           1  rtx_config.o(.constdata)
    mp_tmr_size                              0x000016ea   Data           2  rtx_config.o(.constdata)
    RL_RTX_Version                           0x000016ec   Data           4  rt_system.o(.constdata)
    Region$$Table$$Base                      0x000016f0   Number         0  anon$$obj.o(Region$$Table)
    Region$$Table$$Limit                     0x00001710   Number         0  anon$$obj.o(Region$$Table)
    i                                        0x40000000   Data           4  main.o(.data)
    count                                    0x40000004   Data           4  main.o(.data)
    m                                        0x40000008   Data          32  main.o(.data)
    t                                        0x40000028   Data          33  main.o(.data)
    w                                        0x40000049   Data          35  main.o(.data)
    mon                                      0x4000006c   Data           9  main.o(.data)
    mons1                                    0x40000075   Data          14  main.o(.data)
    mont1                                    0x40000083   Data          14  main.o(.data)
    mons1time                                0x40000091   Data          16  main.o(.data)
    tue                                      0x400000a1   Data          10  main.o(.data)
    tues1                                    0x400000ab   Data          14  main.o(.data)
    tuet1                                    0x400000b9   Data          14  main.o(.data)
    tues1time                                0x400000c7   Data          17  main.o(.data)
    wed                                      0x400000d8   Data          12  main.o(.data)
    weds1                                    0x400000e4   Data          14  main.o(.data)
    wedt1                                    0x400000f2   Data          14  main.o(.data)
    weds1time                                0x40000100   Data          17  main.o(.data)
    msg                                      0x40000111   Data          12  main.o(.data)
    tsk1                                     0x40000120   Data           4  main.o(.data)
    tsk2                                     0x40000124   Data           4  main.o(.data)
    semaphore1                               0x40000128   Data           8  main.o(.data)
    k                                        0x40000130   Data           1  main.o(.data)
    mg                                       0x40000131   Data           1  main.o(.data)
    m_tmr                                    0x40000134   Data           4  rtx_config.o(.data)
    os_runtask                               0x40000138   Data           4  rt_task.o(.data)
    sys_stktop                               0x4000013c   Data           4  hal_arm.o(.data)
    sys_mode                                 0x40000140   Data           1  hal_arm.o(.data)
    os_psh                                   0x40000144   Data           8  rt_system.o(.data)
    os_robin                                 0x4000014c   Data           8  rt_robin.o(.data)
    os_time                                  0x40000154   Data           4  rt_time.o(.data)
    os_tmr                                   0x40000158   Data           8  rt_timer.o(.data)
    mp_tcb                                   0x40000160   Data         348  rtx_config.o(.bss)
    mp_stk                                   0x400002c0   Data        3600  rtx_config.o(.bss)
    os_fifo                                  0x400010d0   Data         132  rtx_config.o(.bss)
    os_active_TCB                            0x40001154   Data          24  rtx_config.o(.bss)
    os_idle_TCB                              0x4000116c   Data          56  rt_task.o(.bss)
    os_rdy                                   0x400011a4   Data          24  rt_list.o(.bss)
    os_dly                                   0x400011bc   Data          24  rt_list.o(.bss)
    __initial_sp                             0x40001228   Data          96  startup.o(STACK)



==============================================================================

Memory Map of the image

  Image Entry point : 0x00000104

  Load Region LR_IROM1 (Base: 0x00000000, Size: 0x00001870, Max: 0x00080000, ABSOLUTE, COMPRESSED[0x000017b4])

    Execution Region ER_IROM1 (Base: 0x00000000, Size: 0x00001710, Max: 0x00080000, ABSOLUTE)

    Base Addr    Size         Type   Attr      Idx    E Section Name        Object

    0x00000000   0x00000104   Code   RO           59    RESET               startup.o
    0x00000104   0x00000000   Code   RO          577  * .ARM.Collect$$$$00000000  mc_t.l(entry.o)
    0x00000104   0x00000004   Code   RO          580    .ARM.Collect$$$$00000001  mc_t.l(entry2.o)
    0x00000108   0x00000004   Code   RO          582    .ARM.Collect$$$$00000004  mc_t.l(entry5.o)
    0x0000010c   0x00000000   Code   RO          584    .ARM.Collect$$$$00000008  mc_t.l(entry7b.o)
    0x0000010c   0x00000000   Code   RO          586    .ARM.Collect$$$$0000000A  mc_t.l(entry8b.o)
    0x0000010c   0x0000000c   Code   RO          587    .ARM.Collect$$$$0000000B  mc_t.l(entry9a.o)
    0x00000118   0x00000000   Code   RO          589    .ARM.Collect$$$$0000000D  mc_t.l(entry10a.o)
    0x00000118   0x00000000   Code   RO          591    .ARM.Collect$$$$0000000F  mc_t.l(entry11a.o)
    0x00000118   0x00000004   Code   RO          581    .ARM.Collect$$$$00002712  mc_t.l(entry2.o)
    0x0000011c   0x00000008   Ven    RO          196    .emb_text           RTX_ARM_L.LIB(hal_arm.o)
    0x00000124   0x00000204   Code   RO          196    .emb_text           RTX_ARM_L.LIB(hal_arm.o)
    0x00000328   0x00000854   Code   RO            1    .text               main.o
    0x00000b7c   0x00000004   Ven    RO           28    .text               rtx_config.o
    0x00000b80   0x00000028   Code   RO           28    .text               rtx_config.o
    0x00000ba8   0x00000080   Code   RO           29    .text               rtx_config.o
    0x00000c28   0x00000008   Ven    RO          593    .text               mc_t.l(init.o)
    0x00000c30   0x00000020   Code   RO          593    .text               mc_t.l(init.o)
    0x00000c50   0x00000080   Code   RO          605    .text               mc_t.l(__dczerorl2.o)
    0x00000cd0   0x00000024   Code   RO          424    SWI_TABLE           RTX_ARM_L.LIB(SWI_Table.o)
    0x00000cf4   0x00000008   Ven    RO          615    Veneer$$Code        anon$$obj.o
    0x00000cfc   0x00000008   Ven    RO          616    Veneer$$Code        anon$$obj.o
    0x00000d04   0x00000008   Ven    RO          617    Veneer$$Code        anon$$obj.o
    0x00000d0c   0x00000002   Code   RO          595    i.__ARM_common_call_via_r3  mc_t.l(init.o)
    0x00000d0e   0x00000002   PAD
    0x00000d10   0x00000034   Code   RO          197    i.__SWI_0           RTX_ARM_L.LIB(hal_arm.o)
    0x00000d44   0x0000000e   Code   RO          394    i.__SWI_1           RTX_ARM_L.LIB(rt_membox.o)
    0x00000d52   0x00000018   Code   RO          395    i.__SWI_2           RTX_ARM_L.LIB(rt_membox.o)
    0x00000d6a   0x00000008   Code   RO          198    i.__SWI_3           RTX_ARM_L.LIB(hal_arm.o)
    0x00000d72   0x00000008   Code   RO          199    i.__SWI_4           RTX_ARM_L.LIB(hal_arm.o)
    0x00000d7a   0x00000002   Code   RO          200    i.__SWI_6           RTX_ARM_L.LIB(hal_arm.o)
    0x00000d7c   0x00000002   Code   RO          201    i.__SWI_7           RTX_ARM_L.LIB(hal_arm.o)
    0x00000d7e   0x00000002   PAD
    0x00000d80   0x0000001c   Code   RO          599    i.__scatterload_copy  mc_t.l(handlers.o)
    0x00000d9c   0x00000004   Code   RO          600    i.__scatterload_null  mc_t.l(handlers.o)
    0x00000da0   0x00000018   Code   RO          601    i.__scatterload_zeroinit  mc_t.l(handlers.o)
    0x00000db8   0x0000004a   Code   RO          397    i._init_box         RTX_ARM_L.LIB(rt_membox.o)
    0x00000e02   0x00000002   PAD
    0x00000e04   0x00000048   Code   RO           63    i.os_block          RTX_ARM_L.LIB(rt_task.o)
    0x00000e4c   0x00000048   Code   RO          373    i.os_chk_robin      RTX_ARM_L.LIB(rt_robin.o)
    0x00000e94   0x0000007c   Code   RO          301    i.os_dec_dly        RTX_ARM_L.LIB(rt_list.o)
    0x00000f10   0x00000044   Code   RO           64    i.os_dispatch       RTX_ARM_L.LIB(rt_task.o)
    0x00000f54   0x00000050   Code   RO          463    i.os_evt_psh        RTX_ARM_L.LIB(rt_event.o)
    0x00000fa4   0x0000002a   Code   RO          302    i.os_get_first      RTX_ARM_L.LIB(rt_list.o)
    0x00000fce   0x00000002   PAD
    0x00000fd0   0x0000004c   Code   RO           65    i.os_init_context   RTX_ARM_L.LIB(rt_task.o)
    0x0000101c   0x00000018   Code   RO          374    i.os_init_robin     RTX_ARM_L.LIB(rt_robin.o)
    0x00001034   0x00000074   Code   RO          202    i.os_init_stack     RTX_ARM_L.LIB(hal_arm.o)
    0x000010a8   0x00000088   Code   RO          506    i.os_mbx_psh        RTX_ARM_L.LIB(rt_mailbox.o)
    0x00001130   0x00000050   Code   RO          305    i.os_put_dly        RTX_ARM_L.LIB(rt_list.o)
    0x00001180   0x0000003e   Code   RO          306    i.os_put_prio       RTX_ARM_L.LIB(rt_list.o)
    0x000011be   0x00000002   PAD
    0x000011c0   0x00000014   Code   RO          307    i.os_put_rdy_first  RTX_ARM_L.LIB(rt_list.o)
    0x000011d4   0x00000034   Code   RO          308    i.os_resort_prio    RTX_ARM_L.LIB(rt_list.o)
    0x00001208   0x0000002c   Code   RO          309    i.os_rmv_dly        RTX_ARM_L.LIB(rt_list.o)
    0x00001234   0x00000034   Code   RO          310    i.os_rmv_list       RTX_ARM_L.LIB(rt_list.o)
    0x00001268   0x00000008   Ven    RO          157    i.os_sem_init       RTX_ARM_L.LIB(rt_semaphore.o)
    0x00001270   0x0000001c   Code   RO          157    i.os_sem_init       RTX_ARM_L.LIB(rt_semaphore.o)
    0x0000128c   0x00000038   Code   RO          158    i.os_sem_psh        RTX_ARM_L.LIB(rt_semaphore.o)
    0x000012c4   0x00000008   Ven    RO          159    i.os_sem_send       RTX_ARM_L.LIB(rt_semaphore.o)
    0x000012cc   0x0000003a   Code   RO          159    i.os_sem_send       RTX_ARM_L.LIB(rt_semaphore.o)
    0x00001306   0x00000002   PAD
    0x00001308   0x00000008   Ven    RO          160    i.os_sem_wait       RTX_ARM_L.LIB(rt_semaphore.o)
    0x00001310   0x00000060   Code   RO          160    i.os_sem_wait       RTX_ARM_L.LIB(rt_semaphore.o)
    0x00001370   0x00000030   Code   RO          203    i.os_stk_check      RTX_ARM_L.LIB(hal_arm.o)
    0x000013a0   0x000000e8   Code   RO           66    i.os_sys_init1      RTX_ARM_L.LIB(rt_task.o)
    0x00001488   0x000000d0   Code   RO          259    i.os_sys_manager    RTX_ARM_L.LIB(rt_system.o)
    0x00001558   0x00000044   Code   RO          552    i.os_tmr_tick       RTX_ARM_L.LIB(rt_timer.o)
    0x0000159c   0x00000008   Ven    RO           67    i.os_tsk_create0    RTX_ARM_L.LIB(rt_task.o)
    0x000015a4   0x00000090   Code   RO           67    i.os_tsk_create0    RTX_ARM_L.LIB(rt_task.o)
    0x00001634   0x00000008   Ven    RO           71    i.os_tsk_prio       RTX_ARM_L.LIB(rt_task.o)
    0x0000163c   0x00000090   Code   RO           71    i.os_tsk_prio       RTX_ARM_L.LIB(rt_task.o)
    0x000016cc   0x00000020   Data   RO           31    .constdata          rtx_config.o
    0x000016ec   0x00000004   Data   RO          260    .constdata          RTX_ARM_L.LIB(rt_system.o)
    0x000016f0   0x00000020   Data   RO          597    Region$$Table       anon$$obj.o


    Execution Region RW_IRAM1 (Base: 0x40000000, Size: 0x00001288, Max: 0x00008000, ABSOLUTE, COMPRESSED[0x000000a4])

    Base Addr    Size         Type   Attr      Idx    E Section Name        Object

    0x40000000   0x00000132   Data   RW            2    .data               main.o
    0x40000132   0x00000002   PAD
    0x40000134   0x00000004   Data   RW           32    .data               rtx_config.o
    0x40000138   0x00000004   Data   RW           74    .data               RTX_ARM_L.LIB(rt_task.o)
    0x4000013c   0x00000004   Data   RW          204    .data               RTX_ARM_L.LIB(hal_arm.o)
    0x40000140   0x00000001   Data   RW          205    .data               RTX_ARM_L.LIB(hal_arm.o)
    0x40000141   0x00000003   PAD
    0x40000144   0x00000008   Data   RW          261    .data               RTX_ARM_L.LIB(rt_system.o)
    0x4000014c   0x00000008   Data   RW          375    .data               RTX_ARM_L.LIB(rt_robin.o)
    0x40000154   0x00000004   Data   RW          431    .data               RTX_ARM_L.LIB(rt_time.o)
    0x40000158   0x00000008   Data   RW          553    .data               RTX_ARM_L.LIB(rt_timer.o)
    0x40000160   0x0000100c   Zero   RW           30    .bss                rtx_config.o
    0x4000116c   0x00000038   Zero   RW           73    .bss                RTX_ARM_L.LIB(rt_task.o)
    0x400011a4   0x00000030   Zero   RW          311    .bss                RTX_ARM_L.LIB(rt_list.o)
    0x400011d4   0x00000004   PAD
    0x400011d8   0x000000b0   Zero   RW           57    STACK               startup.o


==============================================================================

Image component sizes


      Code (inc. data)   RO Data    RW Data    ZI Data      Debug   Object Name

      2132         96          0        306          0       9681   main.o
       168         28         32          4       4108       3044   rtx_config.o
       260         48          0          0        176        292   startup.o

    ----------------------------------------------------------------------
      2588        172         64        312       4284      13017   Object Totals
        28          0         32          0          0          0   (incl. Generated)
         0          0          0          2          0          0   (incl. Padding)

    ----------------------------------------------------------------------

      Code (inc. data)   RO Data    RW Data    ZI Data      Debug   Library Member Name

        36         36          0          0          0        140   SWI_Table.o
       760         80          0          5          0       3843   hal_arm.o
        80          6          0          0          0        525   rt_event.o
       476         28          0          0         48       3930   rt_list.o
       136          4          0          0          0        573   rt_mailbox.o
       112          0          0          0          0       1464   rt_membox.o
        96         20          0          8          0        962   rt_robin.o
       262         12          0          0          0       2115   rt_semaphore.o
       208         22          4          8          0       1185   rt_system.o
       752        128          0          4         56       5900   rt_task.o
         0          0          0          4          0        150   rt_time.o
        68         10          0          8          0        619   rt_timer.o
       128          0          0          0          0          0   __dczerorl2.o
         0          0          0          0          0          0   entry.o
         0          0          0          0          0          0   entry10a.o
         0          0          0          0          0          0   entry11a.o
         8          4          0          0          0          0   entry2.o
         4          0          0          0          0          0   entry5.o
         0          0          0          0          0          0   entry7b.o
         0          0          0          0          0          0   entry8b.o
        12          4          0          0          0          0   entry9a.o
        56          0          0          0          0          0   handlers.o
        42          8          0          0          0        136   init.o

    ----------------------------------------------------------------------
      3248        362          4         40        108      21542   Library Totals
        12          0          0          3          4          0   (incl. Padding)

    ----------------------------------------------------------------------

      Code (inc. data)   RO Data    RW Data    ZI Data      Debug   Library Name

      2986        346          4         37        104      21406   RTX_ARM_L.LIB
       250         16          0          0          0        136   mc_t.l

    ----------------------------------------------------------------------
      3248        362          4         40        108      21542   Library Totals

    ----------------------------------------------------------------------

==============================================================================


      Code (inc. data)   RO Data    RW Data    ZI Data      Debug   

      5836        534         68        352       4392      33047   Grand Totals
      5836        534         68        164       4392      33047   ELF Image Totals (compressed)
      5836        534         68        164          0          0   ROM Totals

==============================================================================

    Total RO  Size (Code + RO Data)                 5904 (   5.77kB)
    Total RW  Size (RW Data + ZI Data)              4744 (   4.63kB)
    Total ROM Size (Code + RO Data + RW Data)       6068 (   5.93kB)

==============================================================================

