<html>
<body>
<pre>
<h1>µVision Build Log</h1>
<h2>Project:</h2>
C:\Users\student.Dell-PC\Desktop\shreyas_rtos_prj\shreyas_rtos_prj\modular.uvproj
Project File Date:  12/09/2022

<h2>Output:</h2>
Build target 'Target 1'
compiling main.c...
main.c(130): warning:  #111-D: statement is unreachable
compiling RTX_Config.c...
assembling Startup.s...
linking...
Program Size: Code=4844 RO-data=64 RW-data=172 ZI-data=4340  
FromELF: creating hex file...
"modular.axf" - 0 Error(s), 1 Warning(s).
Build target 'Target 1'
compiling main.c...
main.c(81): error:  #20: identifier "x" is undefined
main.c(81): error:  #20: identifier "y" is undefined
main.c(81): error:  #20: identifier "z" is undefined
main.c(82): error:  #20: identifier "arr1" is undefined
main.c(93): error:  #20: identifier "arr2" is undefined
main.c(104): error:  #20: identifier "arr3" is undefined
main.c(166): warning:  #111-D: statement is unreachable
compiling RTX_Config.c...
assembling Startup.s...
Target not created
Build target 'Target 1'
compiling main.c...
main.c(82): error:  #20: identifier "x" is undefined
main.c(82): error:  #20: identifier "y" is undefined
main.c(82): error:  #20: identifier "z" is undefined
main.c(167): warning:  #111-D: statement is unreachable
compiling RTX_Config.c...
assembling Startup.s...
Target not created
Build target 'Target 1'
compiling main.c...
main.c(169): warning:  #111-D: statement is unreachable
compiling RTX_Config.c...
assembling Startup.s...
linking...
Program Size: Code=5820 RO-data=64 RW-data=188 ZI-data=4380  
FromELF: creating hex file...
"modular.axf" - 0 Error(s), 1 Warning(s).
Build target 'Target 1'
compiling main.c...
main.c(169): warning:  #111-D: statement is unreachable
compiling RTX_Config.c...
assembling Startup.s...
linking...
Program Size: Code=5812 RO-data=64 RW-data=188 ZI-data=4380  
FromELF: creating hex file...
"modular.axf" - 0 Error(s), 1 Warning(s).
Build target 'Target 1'
compiling main.c...
main.c(267): warning:  #111-D: statement is unreachable
compiling RTX_Config.c...
assembling Startup.s...
linking...
Program Size: Code=7044 RO-data=64 RW-data=188 ZI-data=4380  
FromELF: creating hex file...
"modular.axf" - 0 Error(s), 1 Warning(s).
Build target 'Target 1'
compiling main.c...
main.c(267): warning:  #111-D: statement is unreachable
compiling RTX_Config.c...
assembling Startup.s...
linking...
Program Size: Code=7044 RO-data=64 RW-data=188 ZI-data=4380  
FromELF: creating hex file...
"modular.axf" - 0 Error(s), 1 Warning(s).
Build target 'Target 1'
compiling main.c...
main.c(269): warning:  #111-D: statement is unreachable
compiling RTX_Config.c...
assembling Startup.s...
linking...
Program Size: Code=7188 RO-data=64 RW-data=188 ZI-data=4380  
FromELF: creating hex file...
"modular.axf" - 0 Error(s), 1 Warning(s).
Build target 'Target 1'
compiling main.c...
main.c(269): warning:  #111-D: statement is unreachable
compiling RTX_Config.c...
assembling Startup.s...
linking...
Program Size: Code=7188 RO-data=64 RW-data=188 ZI-data=4380  
FromELF: creating hex file...
"modular.axf" - 0 Error(s), 1 Warning(s).
Build target 'Target 1'
compiling main.c...
compiling RTX_Config.c...
assembling Startup.s...
linking...
Program Size: Code=7188 RO-data=64 RW-data=188 ZI-data=4380  
FromELF: creating hex file...
"modular.axf" - 0 Error(s), 0 Warning(s).
Build target 'Target 1'
compiling main.c...
compiling RTX_Config.c...
assembling Startup.s...
linking...
Program Size: Code=7196 RO-data=64 RW-data=188 ZI-data=4380  
FromELF: creating hex file...
"modular.axf" - 0 Error(s), 0 Warning(s).
Build target 'Target 1'
compiling main.c...
compiling RTX_Config.c...
assembling Startup.s...
linking...
Program Size: Code=7200 RO-data=64 RW-data=188 ZI-data=4380  
FromELF: creating hex file...
"modular.axf" - 0 Error(s), 0 Warning(s).
Build target 'Target 1'
compiling main.c...
compiling RTX_Config.c...
assembling Startup.s...
linking...
Program Size: Code=7200 RO-data=64 RW-data=188 ZI-data=4380  
FromELF: creating hex file...
"modular.axf" - 0 Error(s), 0 Warning(s).
Build target 'Target 1'
compiling main.c...
compiling RTX_Config.c...
assembling Startup.s...
linking...
Program Size: Code=6024 RO-data=64 RW-data=188 ZI-data=4380  
FromELF: creating hex file...
"modular.axf" - 0 Error(s), 0 Warning(s).
Build target 'Target 1'
compiling main.c...
main.c(131): error:  #65: expected a ";"
main.c(162): error:  #65: expected a ";"
compiling RTX_Config.c...
assembling Startup.s...
Target not created
Build target 'Target 1'
compiling main.c...
compiling RTX_Config.c...
assembling Startup.s...
linking...
Program Size: Code=6040 RO-data=64 RW-data=188 ZI-data=4380  
FromELF: creating hex file...
"modular.axf" - 0 Error(s), 0 Warning(s).
Build target 'Target 1'
compiling main.c...
compiling RTX_Config.c...
assembling Startup.s...
linking...
Program Size: Code=6040 RO-data=64 RW-data=188 ZI-data=4380  
FromELF: creating hex file...
"modular.axf" - 0 Error(s), 0 Warning(s).
Build target 'Target 1'
compiling main.c...
main.c(139): warning:  #2548-D: multicharacter character literal (potential portability problem)
main.c(139): warning:  #69-D: integer conversion resulted in truncation
compiling RTX_Config.c...
assembling Startup.s...
linking...
Program Size: Code=6040 RO-data=64 RW-data=188 ZI-data=4380  
FromELF: creating hex file...
"modular.axf" - 0 Error(s), 2 Warning(s).
Build target 'Target 1'
compiling main.c...
main.c(139): warning:  #2548-D: multicharacter character literal (potential portability problem)
main.c(139): warning:  #69-D: integer conversion resulted in truncation
compiling RTX_Config.c...
assembling Startup.s...
linking...
Program Size: Code=6040 RO-data=64 RW-data=188 ZI-data=4380  
FromELF: creating hex file...
"modular.axf" - 0 Error(s), 2 Warning(s).
Build target 'Target 1'
compiling main.c...
compiling RTX_Config.c...
assembling Startup.s...
linking...
Program Size: Code=6136 RO-data=64 RW-data=188 ZI-data=4380  
FromELF: creating hex file...
"modular.axf" - 0 Error(s), 0 Warning(s).
Build target 'Target 1'
compiling main.c...
compiling RTX_Config.c...
assembling Startup.s...
linking...
Program Size: Code=6136 RO-data=64 RW-data=188 ZI-data=4380  
FromELF: creating hex file...
"modular.axf" - 0 Error(s), 0 Warning(s).
Build target 'Target 1'
compiling main.c...
compiling RTX_Config.c...
assembling Startup.s...
linking...
Program Size: Code=6136 RO-data=64 RW-data=188 ZI-data=4380  
FromELF: creating hex file...
"modular.axf" - 0 Error(s), 0 Warning(s).
Build target 'Target 1'
compiling main.c...
compiling RTX_Config.c...
assembling Startup.s...
linking...
Program Size: Code=6152 RO-data=64 RW-data=188 ZI-data=4380  
FromELF: creating hex file...
"modular.axf" - 0 Error(s), 0 Warning(s).
Build target 'Target 1'
compiling main.c...
compiling RTX_Config.c...
assembling Startup.s...
linking...
Program Size: Code=6136 RO-data=64 RW-data=188 ZI-data=4380  
FromELF: creating hex file...
"modular.axf" - 0 Error(s), 0 Warning(s).
Build target 'Target 1'
compiling main.c...
compiling RTX_Config.c...
assembling Startup.s...
linking...
Program Size: Code=6152 RO-data=64 RW-data=188 ZI-data=4380  
FromELF: creating hex file...
"modular.axf" - 0 Error(s), 0 Warning(s).
Build target 'Target 1'
compiling main.c...
compiling RTX_Config.c...
assembling Startup.s...
linking...
Program Size: Code=6152 RO-data=64 RW-data=188 ZI-data=4380  
FromELF: creating hex file...
"modular.axf" - 0 Error(s), 0 Warning(s).
